// Jest Snapshot v1, https://goo.gl/fbAQLP

exports[`converts numbers to values in \`number\` unit 1`] = `16`;
