// Jest Snapshot v1, https://goo.gl/fbAQLP

exports[`Toggle.web renders a snapshot 1`] = `
.c0 {
  position: relative;
}

<Component
  className="c0"
  color="#191919"
  label="Label"
  size={16}
/>
`;
